Starting audit...
[ERROR] /home/connerohnesorge/Documents/001Repos/pac-man-java/./src/speccheck_hw4.jar:1: File does not end with a newline. [NewlineAtEndOfFile]
[ERROR] /home/connerohnesorge/Documents/001Repos/pac-man-java/./src/speccheck_hw4.jar:1:27: File contains tab characters (this is the first instance). [FileTabCharacter]
[ERROR] /home/connerohnesorge/Documents/001Repos/pac-man-java/./src/ui/PacmanPanel.java:57:6: Unused @param tag for 'sleepTime'. [JavadocMethod]
[ERROR] /home/connerohnesorge/Documents/001Repos/pac-man-java/./src/ui/PacmanPanel.java:59:22: Parameter game should be final. [FinalParameters]
[ERROR] /home/connerohnesorge/Documents/001Repos/pac-man-java/./src/ui/PacmanPanel.java:62:16: '1000' is a magic number. [MagicNumber]
[ERROR] /home/connerohnesorge/Documents/001Repos/pac-man-java/./src/ui/PacmanPanel.java:68:3: Class 'PacmanPanel' looks like designed for extension (can be subclassed), but the method 'paintComponent' does not have javadoc that explains how to do that safely. If class is not designed for extension consider making the class 'PacmanPanel' final or making the method 'paintComponent' static/final/abstract/empty, or adding allowed annotation for the method. [DesignForExtension]
[ERROR] /home/connerohnesorge/Documents/001Repos/pac-man-java/./src/ui/PacmanPanel.java:69:30: Parameter g should be final. [FinalParameters]
[ERROR] /home/connerohnesorge/Documents/001Repos/pac-man-java/./src/ui/PacmanPanel.java:111:27: Parameter g should be final. [FinalParameters]
[ERROR] /home/connerohnesorge/Documents/001Repos/pac-man-java/./src/ui/PacmanPanel.java:117:5: switch without "default" clause. [MissingSwitchDefault]
[ERROR] /home/connerohnesorge/Documents/001Repos/pac-man-java/./src/ui/PacmanPanel.java:119:22: '180' is a magic number. [MagicNumber]
[ERROR] /home/connerohnesorge/Documents/001Repos/pac-man-java/./src/ui/PacmanPanel.java:125:22: '90' is a magic number. [MagicNumber]
[ERROR] /home/connerohnesorge/Documents/001Repos/pac-man-java/./src/ui/PacmanPanel.java:128:22: '270' is a magic number. [MagicNumber]
[ERROR] /home/connerohnesorge/Documents/001Repos/pac-man-java/./src/ui/PacmanPanel.java:133:17: '360' is a magic number. [MagicNumber]
[ERROR] /home/connerohnesorge/Documents/001Repos/pac-man-java/./src/ui/PacmanPanel.java:135:43: '0.5' is a magic number. [MagicNumber]
[ERROR] /home/connerohnesorge/Documents/001Repos/pac-man-java/./src/ui/PacmanPanel.java:137:43: '0.5' is a magic number. [MagicNumber]
[ERROR] /home/connerohnesorge/Documents/001Repos/pac-man-java/./src/ui/PacmanPanel.java:144:27: Parameter g should be final. [FinalParameters]
[ERROR] /home/connerohnesorge/Documents/001Repos/pac-man-java/./src/ui/PacmanPanel.java:154:34: '250' is a magic number. [MagicNumber]
[ERROR] /home/connerohnesorge/Documents/001Repos/pac-man-java/./src/ui/PacmanPanel.java:155:34: '16' is a magic number. [MagicNumber]
[ERROR] /home/connerohnesorge/Documents/001Repos/pac-man-java/./src/ui/PacmanPanel.java:167:44: '0.5' is a magic number. [MagicNumber]
[ERROR] /home/connerohnesorge/Documents/001Repos/pac-man-java/./src/ui/PacmanPanel.java:169:44: '0.5' is a magic number. [MagicNumber]
[ERROR] /home/connerohnesorge/Documents/001Repos/pac-man-java/./src/ui/PacmanPanel.java:174:33: '4' is a magic number. [MagicNumber]
[ERROR] /home/connerohnesorge/Documents/001Repos/pac-man-java/./src/ui/PacmanPanel.java:178:36: '10' is a magic number. [MagicNumber]
[ERROR] /home/connerohnesorge/Documents/001Repos/pac-man-java/./src/ui/PacmanPanel.java:186:29: '4' is a magic number. [MagicNumber]
[ERROR] /home/connerohnesorge/Documents/001Repos/pac-man-java/./src/ui/PacmanPanel.java:189:7: switch without "default" clause. [MissingSwitchDefault]
[ERROR] /home/connerohnesorge/Documents/001Repos/pac-man-java/./src/ui/PacmanPanel.java:203:46: '4' is a magic number. [MagicNumber]
[ERROR] /home/connerohnesorge/Documents/001Repos/pac-man-java/./src/ui/PacmanPanel.java:204:52: '4' is a magic number. [MagicNumber]
[ERROR] /home/connerohnesorge/Documents/001Repos/pac-man-java/./src/ui/PacmanPanel.java:209:43: '4' is a magic number. [MagicNumber]
[ERROR] /home/connerohnesorge/Documents/001Repos/pac-man-java/./src/ui/PacmanPanel.java:214:3: Class MyKeyListener should be declared as final. [FinalClass]
[ERROR] /home/connerohnesorge/Documents/001Repos/pac-man-java/./src/ui/PacmanPanel.java:216:28: Parameter event should be final. [FinalParameters]
[ERROR] /home/connerohnesorge/Documents/001Repos/pac-man-java/./src/ui/PacmanPanel.java:241:26: Parameter e should be final. [FinalParameters]
[ERROR] /home/connerohnesorge/Documents/001Repos/pac-man-java/./src/ui/PacmanPanel.java:246:29: Parameter e should be final. [FinalParameters]
[ERROR] /home/connerohnesorge/Documents/001Repos/pac-man-java/./src/ui/PacmanPanel.java:251:3: Class TimerCallback should be declared as final. [FinalClass]
[ERROR] /home/connerohnesorge/Documents/001Repos/pac-man-java/./src/ui/PacmanPanel.java:253:33: Parameter e should be final. [FinalParameters]
[ERROR] /home/connerohnesorge/Documents/001Repos/pac-man-java/./src/ui/PacmanPanel.java:264:24: '-50' is a magic number. [MagicNumber]
[ERROR] /home/connerohnesorge/Documents/001Repos/pac-man-java/./src/ui/PacmanPanel.java:265:17: '50' is a magic number. [MagicNumber]
[ERROR] /home/connerohnesorge/Documents/001Repos/pac-man-java/./src/ui/PacmanPanel.java:269:26: '50' is a magic number. [MagicNumber]
[ERROR] /home/connerohnesorge/Documents/001Repos/pac-man-java/./src/ui/SimpleTestFrightened.java:3:23: Using the '.*' form of import should be avoided - api.Mode.*. [AvoidStarImport]
[ERROR] /home/connerohnesorge/Documents/001Repos/pac-man-java/./src/ui/SimpleTestFrightened.java:11: First sentence should end with a period. [JavadocStyle]
[ERROR] /home/connerohnesorge/Documents/001Repos/pac-man-java/./src/ui/SimpleTestFrightened.java:12:1: Utility classes should not have a public or default constructor. [HideUtilityClassConstructor]
[ERROR] /home/connerohnesorge/Documents/001Repos/pac-man-java/./src/ui/SimpleTestFrightened.java:14:3: Missing a Javadoc comment. [JavadocVariable]
[ERROR] /home/connerohnesorge/Documents/001Repos/pac-man-java/./src/ui/SimpleTestFrightened.java:18:27: Parameter args should be final. [FinalParameters]
[ERROR] /home/connerohnesorge/Documents/001Repos/pac-man-java/./src/ui/SimpleTestFrightened.java:20:57: '10' is a magic number. [MagicNumber]
[ERROR] /home/connerohnesorge/Documents/001Repos/pac-man-java/./src/ui/SimpleTestFrightened.java:95:25: '3' is a magic number. [MagicNumber]
[ERROR] /home/connerohnesorge/Documents/001Repos/pac-man-java/./src/ui/SimpleTestFrightened.java:106:43: Parameter game should be final. [FinalParameters]
[ERROR] /home/connerohnesorge/Documents/001Repos/pac-man-java/./src/ui/GhostMovementTest.java:4:31: Using the '.*' form of import should be avoided - org.junit.Assert.*. [AvoidStarImport]
[ERROR] /home/connerohnesorge/Documents/001Repos/pac-man-java/./src/ui/GhostMovementTest.java:25:3: Missing a Javadoc comment. [JavadocVariable]
[ERROR] /home/connerohnesorge/Documents/001Repos/pac-man-java/./src/ui/GhostMovementTest.java:51:38: '10' is a magic number. [MagicNumber]
[ERROR] /home/connerohnesorge/Documents/001Repos/pac-man-java/./src/ui/GhostMovementTest.java:56:7: 'if' construct must use '{}'s. [NeedBraces]
[ERROR] /home/connerohnesorge/Documents/001Repos/pac-man-java/./src/ui/GhostMovementTest.java:57:12: 'if' construct must use '{}'s. [NeedBraces]
[ERROR] /home/connerohnesorge/Documents/001Repos/pac-man-java/./src/ui/GhostMovementTest.java:58:12: 'if' construct must use '{}'s. [NeedBraces]
[ERROR] /home/connerohnesorge/Documents/001Repos/pac-man-java/./src/ui/GhostMovementTest.java:59:12: 'if' construct must use '{}'s. [NeedBraces]
[ERROR] /home/connerohnesorge/Documents/001Repos/pac-man-java/./src/ui/GhostMovementTest.java:91:25: '30' is a magic number. [MagicNumber]
[ERROR] /home/connerohnesorge/Documents/001Repos/pac-man-java/./src/ui/GhostMovementTest.java:112:25: '20' is a magic number. [MagicNumber]
[ERROR] /home/connerohnesorge/Documents/001Repos/pac-man-java/./src/ui/GhostMovementTest.java:148:49: '10' is a magic number. [MagicNumber]
[ERROR] /home/connerohnesorge/Documents/001Repos/pac-man-java/./src/ui/GhostMovementTest.java:149:52: '10' is a magic number. [MagicNumber]
[ERROR] /home/connerohnesorge/Documents/001Repos/pac-man-java/./src/ui/GhostMovementTest.java:152:25: '10' is a magic number. [MagicNumber]
[ERROR] /home/connerohnesorge/Documents/001Repos/pac-man-java/./src/ui/GhostMovementTest.java:160:25: '10' is a magic number. [MagicNumber]
[ERROR] /home/connerohnesorge/Documents/001Repos/pac-man-java/./src/ui/GhostMovementTest.java:183:25: '10' is a magic number. [MagicNumber]
[ERROR] /home/connerohnesorge/Documents/001Repos/pac-man-java/./src/ui/GhostMovementTest.java:202:9: '0.001' is a magic number. [MagicNumber]
[ERROR] /home/connerohnesorge/Documents/001Repos/pac-man-java/./src/ui/GhostMovementTest.java:238:25: '30' is a magic number. [MagicNumber]
[ERROR] /home/connerohnesorge/Documents/001Repos/pac-man-java/./src/ui/GhostMovementTest.java:248:25: '10' is a magic number. [MagicNumber]
[ERROR] /home/connerohnesorge/Documents/001Repos/pac-man-java/./src/ui/GhostMovementTest.java:259:39: '0.1' is a magic number. [MagicNumber]
[ERROR] /home/connerohnesorge/Documents/001Repos/pac-man-java/./src/ui/GhostMovementTest.java:259:76: '0.1' is a magic number. [MagicNumber]
[ERROR] /home/connerohnesorge/Documents/001Repos/pac-man-java/./src/ui/GhostBehaviorTest.java:9:1: Duplicate import to line 3 - api.Mode. [RedundantImport]
[ERROR] /home/connerohnesorge/Documents/001Repos/pac-man-java/./src/ui/GhostBehaviorTest.java:20:1: Utility classes should not have a public or default constructor. [HideUtilityClassConstructor]
[ERROR] /home/connerohnesorge/Documents/001Repos/pac-man-java/./src/ui/GhostBehaviorTest.java:23:3: Missing a Javadoc comment. [JavadocVariable]
[ERROR] /home/connerohnesorge/Documents/001Repos/pac-man-java/./src/ui/GhostBehaviorTest.java:41:3: Cyclomatic Complexity is 12 (max allowed is 10). [CyclomaticComplexity]
[ERROR] /home/connerohnesorge/Documents/001Repos/pac-man-java/./src/ui/GhostBehaviorTest.java:43:49: '10' is a magic number. [MagicNumber]
[ERROR] /home/connerohnesorge/Documents/001Repos/pac-man-java/./src/ui/GhostBehaviorTest.java:49:25: '4' is a magic number. [MagicNumber]
[ERROR] /home/connerohnesorge/Documents/001Repos/pac-man-java/./src/ui/GhostBehaviorTest.java:62:7: 'if' construct must use '{}'s. [NeedBraces]
[ERROR] /home/connerohnesorge/Documents/001Repos/pac-man-java/./src/ui/GhostBehaviorTest.java:63:12: 'if' construct must use '{}'s. [NeedBraces]
[ERROR] /home/connerohnesorge/Documents/001Repos/pac-man-java/./src/ui/GhostBehaviorTest.java:64:12: 'if' construct must use '{}'s. [NeedBraces]
[ERROR] /home/connerohnesorge/Documents/001Repos/pac-man-java/./src/ui/GhostBehaviorTest.java:65:12: 'if' construct must use '{}'s. [NeedBraces]
[ERROR] /home/connerohnesorge/Documents/001Repos/pac-man-java/./src/ui/GhostBehaviorTest.java:211:25: '10' is a magic number. [MagicNumber]
[ERROR] /home/connerohnesorge/Documents/001Repos/pac-man-java/./src/ui/GhostBehaviorTest.java:238:25: '5' is a magic number. [MagicNumber]
[ERROR] /home/connerohnesorge/Documents/001Repos/pac-man-java/./src/ui/GhostBehaviorTest.java:293:43: '0.5' is a magic number. [MagicNumber]
[ERROR] /home/connerohnesorge/Documents/001Repos/pac-man-java/./src/ui/GhostBehaviorTest.java:294:43: '0.5' is a magic number. [MagicNumber]
[ERROR] /home/connerohnesorge/Documents/001Repos/pac-man-java/./src/ui/SimpleTest1a.java:3:23: Using the '.*' form of import should be avoided - api.Mode.*. [AvoidStarImport]
[ERROR] /home/connerohnesorge/Documents/001Repos/pac-man-java/./src/ui/SimpleTest1a.java:17:1: Utility classes should not have a public or default constructor. [HideUtilityClassConstructor]
[ERROR] /home/connerohnesorge/Documents/001Repos/pac-man-java/./src/ui/SimpleTest1a.java:19:3: Missing a Javadoc comment. [JavadocVariable]
[ERROR] /home/connerohnesorge/Documents/001Repos/pac-man-java/./src/ui/SimpleTest1a.java:19:32: Name 'SIMPLE1a' must match pattern '^[A-Z][A-Z0-9]*(_[A-Z0-9]+)*$'. [ConstantName]
[ERROR] /home/connerohnesorge/Documents/001Repos/pac-man-java/./src/ui/SimpleTest1a.java:23:27: Parameter args should be final. [FinalParameters]
[ERROR] /home/connerohnesorge/Documents/001Repos/pac-man-java/./src/ui/SimpleTest1a.java:25:48: '10' is a magic number. [MagicNumber]
[ERROR] /home/connerohnesorge/Documents/001Repos/pac-man-java/./src/ui/SimpleTest1a.java:53:25: '6' is a magic number. [MagicNumber]
[ERROR] /home/connerohnesorge/Documents/001Repos/pac-man-java/./src/ui/SimpleTest1a.java:100:25: '3' is a magic number. [MagicNumber]
[ERROR] /home/connerohnesorge/Documents/001Repos/pac-man-java/./src/ui/SimpleTest1a.java:109:43: Parameter game should be final. [FinalParameters]
[ERROR] /home/connerohnesorge/Documents/001Repos/pac-man-java/./src/ui/RunGame.java:8:1: Utility classes should not have a public or default constructor. [HideUtilityClassConstructor]
[ERROR] /home/connerohnesorge/Documents/001Repos/pac-man-java/./src/ui/RunGame.java:10:3: Missing a Javadoc comment. [JavadocVariable]
[ERROR] /home/connerohnesorge/Documents/001Repos/pac-man-java/./src/ui/RunGame.java:15:3: Missing a Javadoc comment. [JavadocVariable]
[ERROR] /home/connerohnesorge/Documents/001Repos/pac-man-java/./src/ui/RunGame.java:20:3: Missing a Javadoc comment. [JavadocVariable]
[ERROR] /home/connerohnesorge/Documents/001Repos/pac-man-java/./src/ui/RunGame.java:25:3: Missing a Javadoc comment. [JavadocVariable]
[ERROR] /home/connerohnesorge/Documents/001Repos/pac-man-java/./src/ui/RunGame.java:59:27: Parameter args should be final. [FinalParameters]
[ERROR] /home/connerohnesorge/Documents/001Repos/pac-man-java/./src/api/CellType.java:1: Missing package-info.java file. [JavadocPackage]
[ERROR] /home/connerohnesorge/Documents/001Repos/pac-man-java/./src/api/CellType.java:5:3: Missing a Javadoc comment. [JavadocVariable]
[ERROR] /home/connerohnesorge/Documents/001Repos/pac-man-java/./src/api/CellType.java:6:3: Missing a Javadoc comment. [JavadocVariable]
[ERROR] /home/connerohnesorge/Documents/001Repos/pac-man-java/./src/api/CellType.java:7:3: Missing a Javadoc comment. [JavadocVariable]
[ERROR] /home/connerohnesorge/Documents/001Repos/pac-man-java/./src/api/CellType.java:8:3: Missing a Javadoc comment. [JavadocVariable]
[ERROR] /home/connerohnesorge/Documents/001Repos/pac-man-java/./src/api/Location.java:17:19: Parameter row should be final. [FinalParameters]
[ERROR] /home/connerohnesorge/Documents/001Repos/pac-man-java/./src/api/Location.java:17:28: Parameter col should be final. [FinalParameters]
[ERROR] /home/connerohnesorge/Documents/001Repos/pac-man-java/./src/api/Location.java:45:3: Definition of 'equals()' without corresponding definition of 'hashCode()'. [EqualsHashCode]
[ERROR] /home/connerohnesorge/Documents/001Repos/pac-man-java/./src/api/Location.java:45:25: Parameter obj should be final. [FinalParameters]
[ERROR] /home/connerohnesorge/Documents/001Repos/pac-man-java/./src/api/Location.java:45:32: Expected @param tag for 'obj'. [JavadocMethod]
[ERROR] /home/connerohnesorge/Documents/001Repos/pac-man-java/./src/api/Location.java:54: @return tag should be present and have description. [JavadocMethod]
[ERROR] /home/connerohnesorge/Documents/001Repos/pac-man-java/./src/api/Mode.java:5:3: Missing a Javadoc comment. [JavadocVariable]
[ERROR] /home/connerohnesorge/Documents/001Repos/pac-man-java/./src/api/Mode.java:6:3: Missing a Javadoc comment. [JavadocVariable]
[ERROR] /home/connerohnesorge/Documents/001Repos/pac-man-java/./src/api/Mode.java:7:3: Missing a Javadoc comment. [JavadocVariable]
[ERROR] /home/connerohnesorge/Documents/001Repos/pac-man-java/./src/api/Mode.java:8:3: Missing a Javadoc comment. [JavadocVariable]
[ERROR] /home/connerohnesorge/Documents/001Repos/pac-man-java/./src/api/Mode.java:9:3: Missing a Javadoc comment. [JavadocVariable]
[ERROR] /home/connerohnesorge/Documents/001Repos/pac-man-java/./src/api/Direction.java:5:3: Missing a Javadoc comment. [JavadocVariable]
[ERROR] /home/connerohnesorge/Documents/001Repos/pac-man-java/./src/api/Direction.java:6:3: Missing a Javadoc comment. [JavadocVariable]
[ERROR] /home/connerohnesorge/Documents/001Repos/pac-man-java/./src/api/Direction.java:7:3: Missing a Javadoc comment. [JavadocVariable]
[ERROR] /home/connerohnesorge/Documents/001Repos/pac-man-java/./src/api/Direction.java:8:3: Missing a Javadoc comment. [JavadocVariable]
[ERROR] /home/connerohnesorge/Documents/001Repos/pac-man-java/./src/api/PacmanGame.java:1: File does not end with a newline. [NewlineAtEndOfFile]
[ERROR] /home/connerohnesorge/Documents/001Repos/pac-man-java/./src/api/PacmanGame.java:88:23: '3' is a magic number. [MagicNumber]
[ERROR] /home/connerohnesorge/Documents/001Repos/pac-man-java/./src/api/PacmanGame.java:110:3: Cyclomatic Complexity is 13 (max allowed is 10). [CyclomaticComplexity]
[ERROR] /home/connerohnesorge/Documents/001Repos/pac-man-java/./src/api/PacmanGame.java:116:30: '42' is a magic number. [MagicNumber]
[ERROR] /home/connerohnesorge/Documents/001Repos/pac-man-java/./src/api/PacmanGame.java:157:51: '-3' is a magic number. [MagicNumber]
[ERROR] /home/connerohnesorge/Documents/001Repos/pac-man-java/./src/api/PacmanGame.java:157:63: '3' is a magic number. [MagicNumber]
[ERROR] /home/connerohnesorge/Documents/001Repos/pac-man-java/./src/api/PacmanGame.java:164:51: '-3' is a magic number. [MagicNumber]
[ERROR] /home/connerohnesorge/Documents/001Repos/pac-man-java/./src/api/PacmanGame.java:351:3: Cyclomatic Complexity is 31 (max allowed is 10). [CyclomaticComplexity]
[ERROR] /home/connerohnesorge/Documents/001Repos/pac-man-java/./src/api/PacmanGame.java:351:3: Method updateAll length is 121 lines (max allowed is 100). [MethodLength]
[ERROR] /home/connerohnesorge/Documents/001Repos/pac-man-java/./src/api/PacmanGame.java:449:26: '4000' is a magic number. [MagicNumber]
[ERROR] /home/connerohnesorge/Documents/001Repos/pac-man-java/./src/api/MazeMap.java:5: First sentence should end with a period. [JavadocStyle]
[ERROR] /home/connerohnesorge/Documents/001Repos/pac-man-java/./src/api/MazeMap.java:13:18: Parameter game should be final. [FinalParameters]
[ERROR] /home/connerohnesorge/Documents/001Repos/pac-man-java/./src/api/MazeMap.java:24:25: Parameter row should be final. [FinalParameters]
[ERROR] /home/connerohnesorge/Documents/001Repos/pac-man-java/./src/api/MazeMap.java:24:34: Parameter col should be final. [FinalParameters]
[ERROR] /home/connerohnesorge/Documents/001Repos/pac-man-java/./src/api/Descriptor.java:23:21: Parameter playerLocation should be final. [FinalParameters]
[ERROR] /home/connerohnesorge/Documents/001Repos/pac-man-java/./src/api/Descriptor.java:23:46: Parameter playerDirection should be final. [FinalParameters]
[ERROR] /home/connerohnesorge/Documents/001Repos/pac-man-java/./src/api/Descriptor.java:23:73: Parameter blinkyLocation should be final. [FinalParameters]
[ERROR] /home/connerohnesorge/Documents/001Repos/pac-man-java/./src/api/MazeCell.java:3:27: Using the '.*' form of import should be avoided - api.CellType.*. [AvoidStarImport]
[ERROR] /home/connerohnesorge/Documents/001Repos/pac-man-java/./src/api/MazeCell.java:19: First sentence should end with a period. [JavadocStyle]
[ERROR] /home/connerohnesorge/Documents/001Repos/pac-man-java/./src/api/MazeCell.java:20:19: Parameter givenType should be final. [FinalParameters]
[ERROR] /home/connerohnesorge/Documents/001Repos/pac-man-java/./src/api/MazeCell.java:20:28: Expected @param tag for 'givenType'. [JavadocMethod]
[ERROR] /home/connerohnesorge/Documents/001Repos/pac-man-java/./src/com/pacman/ghost/Inky.java:1: File does not end with a newline. [NewlineAtEndOfFile]
[ERROR] /home/connerohnesorge/Documents/001Repos/pac-man-java/./src/com/pacman/ghost/Inky.java:56:3: Cyclomatic Complexity is 13 (max allowed is 10). [CyclomaticComplexity]
[ERROR] /home/connerohnesorge/Documents/001Repos/pac-man-java/./src/com/pacman/ghost/ActorImpl.java:1: File does not end with a newline. [NewlineAtEndOfFile]
[ERROR] /home/connerohnesorge/Documents/001Repos/pac-man-java/./src/com/pacman/ghost/ActorImpl.java:31:21: Variable 'maze' must be private and have accessor methods. [VisibilityModifier]
[ERROR] /home/connerohnesorge/Documents/001Repos/pac-man-java/./src/com/pacman/ghost/ActorImpl.java:73:20: Variable 'rand' must be private and have accessor methods. [VisibilityModifier]
[ERROR] /home/connerohnesorge/Documents/001Repos/pac-man-java/./src/com/pacman/ghost/ActorImpl.java:99:34: '0.5' is a magic number. [MagicNumber]
[ERROR] /home/connerohnesorge/Documents/001Repos/pac-man-java/./src/com/pacman/ghost/ActorImpl.java:100:34: '0.5' is a magic number. [MagicNumber]
[ERROR] /home/connerohnesorge/Documents/001Repos/pac-man-java/./src/com/pacman/ghost/ActorImpl.java:119:3: Class 'ActorImpl' looks like designed for extension (can be subclassed), but the method 'reset' does not have javadoc that explains how to do that safely. If class is not designed for extension consider making the class 'ActorImpl' final or making the method 'reset' static/final/abstract/empty, or adding allowed annotation for the method. [DesignForExtension]
[ERROR] /home/connerohnesorge/Documents/001Repos/pac-man-java/./src/com/pacman/ghost/ActorImpl.java:124:33: '0.5' is a magic number. [MagicNumber]
[ERROR] /home/connerohnesorge/Documents/001Repos/pac-man-java/./src/com/pacman/ghost/ActorImpl.java:124:51: '0.5' is a magic number. [MagicNumber]
[ERROR] /home/connerohnesorge/Documents/001Repos/pac-man-java/./src/com/pacman/ghost/ActorImpl.java:140:3: Cyclomatic Complexity is 37 (max allowed is 10). [CyclomaticComplexity]
[ERROR] /home/connerohnesorge/Documents/001Repos/pac-man-java/./src/com/pacman/ghost/ActorImpl.java:140:3: Method calculateNextCellLocation length is 125 lines (max allowed is 100). [MethodLength]
[ERROR] /home/connerohnesorge/Documents/001Repos/pac-man-java/./src/com/pacman/ghost/ActorImpl.java:273:3: Cyclomatic Complexity is 18 (max allowed is 10). [CyclomaticComplexity]
[ERROR] /home/connerohnesorge/Documents/001Repos/pac-man-java/./src/com/pacman/ghost/ActorImpl.java:274:41: '4' is a magic number. [MagicNumber]
[ERROR] /home/connerohnesorge/Documents/001Repos/pac-man-java/./src/com/pacman/ghost/ActorImpl.java:318:17: '3' is a magic number. [MagicNumber]
[ERROR] /home/connerohnesorge/Documents/001Repos/pac-man-java/./src/com/pacman/ghost/ActorImpl.java:320:17: '3' is a magic number. [MagicNumber]
[ERROR] /home/connerohnesorge/Documents/001Repos/pac-man-java/./src/com/pacman/ghost/ActorImpl.java:331:3: Cyclomatic Complexity is 50 (max allowed is 10). [CyclomaticComplexity]
[ERROR] /home/connerohnesorge/Documents/001Repos/pac-man-java/./src/com/pacman/ghost/ActorImpl.java:331:3: Method calculateNextCell length is 194 lines (max allowed is 100). [MethodLength]
[ERROR] /home/connerohnesorge/Documents/001Repos/pac-man-java/./src/com/pacman/ghost/ActorImpl.java:365:37: '4' is a magic number. [MagicNumber]
[ERROR] /home/connerohnesorge/Documents/001Repos/pac-man-java/./src/com/pacman/ghost/ActorImpl.java:378:13: '3' is a magic number. [MagicNumber]
[ERROR] /home/connerohnesorge/Documents/001Repos/pac-man-java/./src/com/pacman/ghost/ActorImpl.java:382:41: '4' is a magic number. [MagicNumber]
[ERROR] /home/connerohnesorge/Documents/001Repos/pac-man-java/./src/com/pacman/ghost/ActorImpl.java:385:25: '4' is a magic number. [MagicNumber]
[ERROR] /home/connerohnesorge/Documents/001Repos/pac-man-java/./src/com/pacman/ghost/ActorImpl.java:400:16: '3' is a magic number. [MagicNumber]
[ERROR] /home/connerohnesorge/Documents/001Repos/pac-man-java/./src/com/pacman/ghost/ActorImpl.java:448:25: '4' is a magic number. [MagicNumber]
[ERROR] /home/connerohnesorge/Documents/001Repos/pac-man-java/./src/com/pacman/ghost/ActorImpl.java:466:57: '4' is a magic number. [MagicNumber]
[ERROR] /home/connerohnesorge/Documents/001Repos/pac-man-java/./src/com/pacman/ghost/ActorImpl.java:514:25: '4' is a magic number. [MagicNumber]
[ERROR] /home/connerohnesorge/Documents/001Repos/pac-man-java/./src/com/pacman/ghost/ActorImpl.java:530:3: Cyclomatic Complexity is 45 (max allowed is 10). [CyclomaticComplexity]
[ERROR] /home/connerohnesorge/Documents/001Repos/pac-man-java/./src/com/pacman/ghost/ActorImpl.java:530:3: Method handleFrightenedMode length is 176 lines (max allowed is 100). [MethodLength]
[ERROR] /home/connerohnesorge/Documents/001Repos/pac-man-java/./src/com/pacman/ghost/ActorImpl.java:544:37: '4' is a magic number. [MagicNumber]
[ERROR] /home/connerohnesorge/Documents/001Repos/pac-man-java/./src/com/pacman/ghost/ActorImpl.java:552:13: '3' is a magic number. [MagicNumber]
[ERROR] /home/connerohnesorge/Documents/001Repos/pac-man-java/./src/com/pacman/ghost/ActorImpl.java:569:27: '4' is a magic number. [MagicNumber]
[ERROR] /home/connerohnesorge/Documents/001Repos/pac-man-java/./src/com/pacman/ghost/ActorImpl.java:635:27: '4' is a magic number. [MagicNumber]
[ERROR] /home/connerohnesorge/Documents/001Repos/pac-man-java/./src/com/pacman/ghost/ActorImpl.java:726:26: Avoid inline conditionals. [AvoidInlineConditionals]
[ERROR] /home/connerohnesorge/Documents/001Repos/pac-man-java/./src/com/pacman/ghost/ActorImpl.java:729:26: Avoid inline conditionals. [AvoidInlineConditionals]
[ERROR] /home/connerohnesorge/Documents/001Repos/pac-man-java/./src/com/pacman/ghost/ActorImpl.java:750:3: Class 'ActorImpl' looks like designed for extension (can be subclassed), but the method 'getHomeDirection' does not have javadoc that explains how to do that safely. If class is not designed for extension consider making the class 'ActorImpl' final or making the method 'getHomeDirection' static/final/abstract/empty, or adding allowed annotation for the method. [DesignForExtension]
[ERROR] /home/connerohnesorge/Documents/001Repos/pac-man-java/./src/com/pacman/ghost/ActorImpl.java:766:3: Class 'ActorImpl' looks like designed for extension (can be subclassed), but the method 'update' does not have javadoc that explains how to do that safely. If class is not designed for extension consider making the class 'ActorImpl' final or making the method 'update' static/final/abstract/empty, or adding allowed annotation for the method. [DesignForExtension]
[ERROR] /home/connerohnesorge/Documents/001Repos/pac-man-java/./src/com/pacman/ghost/ActorImpl.java:766:3: Cyclomatic Complexity is 75 (max allowed is 10). [CyclomaticComplexity]
[ERROR] /home/connerohnesorge/Documents/001Repos/pac-man-java/./src/com/pacman/ghost/ActorImpl.java:766:3: Method update length is 297 lines (max allowed is 100). [MethodLength]
[ERROR] /home/connerohnesorge/Documents/001Repos/pac-man-java/./src/com/pacman/ghost/ActorImpl.java:1084:3: Class 'ActorImpl' looks like designed for extension (can be subclassed), but the method 'getBaseIncrement' does not have javadoc that explains how to do that safely. If class is not designed for extension consider making the class 'ActorImpl' final or making the method 'getBaseIncrement' static/final/abstract/empty, or adding allowed annotation for the method. [DesignForExtension]
[ERROR] /home/connerohnesorge/Documents/001Repos/pac-man-java/./src/com/pacman/ghost/ActorImpl.java:1089:3: Class 'ActorImpl' looks like designed for extension (can be subclassed), but the method 'setMode' does not have javadoc that explains how to do that safely. If class is not designed for extension consider making the class 'ActorImpl' final or making the method 'setMode' static/final/abstract/empty, or adding allowed annotation for the method. [DesignForExtension]
[ERROR] /home/connerohnesorge/Documents/001Repos/pac-man-java/./src/com/pacman/ghost/ActorImpl.java:1128:3: Class 'ActorImpl' looks like designed for extension (can be subclassed), but the method 'getMode' does not have javadoc that explains how to do that safely. If class is not designed for extension consider making the class 'ActorImpl' final or making the method 'getMode' static/final/abstract/empty, or adding allowed annotation for the method. [DesignForExtension]
[ERROR] /home/connerohnesorge/Documents/001Repos/pac-man-java/./src/com/pacman/ghost/ActorImpl.java:1182:3: Class 'ActorImpl' looks like designed for extension (can be subclassed), but the method 'getCurrentDirection' does not have javadoc that explains how to do that safely. If class is not designed for extension consider making the class 'ActorImpl' final or making the method 'getCurrentDirection' static/final/abstract/empty, or adding allowed annotation for the method. [DesignForExtension]
[ERROR] /home/connerohnesorge/Documents/001Repos/pac-man-java/./src/com/pacman/ghost/ActorImpl.java:1190:3: Class 'ActorImpl' looks like designed for extension (can be subclassed), but the method 'setDirection' does not have javadoc that explains how to do that safely. If class is not designed for extension consider making the class 'ActorImpl' final or making the method 'setDirection' static/final/abstract/empty, or adding allowed annotation for the method. [DesignForExtension]
[ERROR] /home/connerohnesorge/Documents/001Repos/pac-man-java/./src/com/pacman/ghost/ActorImpl.java:1195:3: Class 'ActorImpl' looks like designed for extension (can be subclassed), but the method 'getCurrentLocation' does not have javadoc that explains how to do that safely. If class is not designed for extension consider making the class 'ActorImpl' final or making the method 'getCurrentLocation' static/final/abstract/empty, or adding allowed annotation for the method. [DesignForExtension]
[ERROR] /home/connerohnesorge/Documents/001Repos/pac-man-java/./src/com/pacman/ghost/ActorImpl.java:1200:3: Class 'ActorImpl' looks like designed for extension (can be subclassed), but the method 'getHomeLocation' does not have javadoc that explains how to do that safely. If class is not designed for extension consider making the class 'ActorImpl' final or making the method 'getHomeLocation' static/final/abstract/empty, or adding allowed annotation for the method. [DesignForExtension]
[ERROR] /home/connerohnesorge/Documents/001Repos/pac-man-java/./src/com/pacman/ghost/ActorImpl.java:1205:3: Class 'ActorImpl' looks like designed for extension (can be subclassed), but the method 'setColExact' does not have javadoc that explains how to do that safely. If class is not designed for extension consider making the class 'ActorImpl' final or making the method 'setColExact' static/final/abstract/empty, or adding allowed annotation for the method. [DesignForExtension]
[ERROR] /home/connerohnesorge/Documents/001Repos/pac-man-java/./src/com/pacman/ghost/ActorImpl.java:1210:3: Class 'ActorImpl' looks like designed for extension (can be subclassed), but the method 'setRowExact' does not have javadoc that explains how to do that safely. If class is not designed for extension consider making the class 'ActorImpl' final or making the method 'setRowExact' static/final/abstract/empty, or adding allowed annotation for the method. [DesignForExtension]
[ERROR] /home/connerohnesorge/Documents/001Repos/pac-man-java/./src/com/pacman/ghost/ActorImpl.java:1215:3: Class 'ActorImpl' looks like designed for extension (can be subclassed), but the method 'getColExact' does not have javadoc that explains how to do that safely. If class is not designed for extension consider making the class 'ActorImpl' final or making the method 'getColExact' static/final/abstract/empty, or adding allowed annotation for the method. [DesignForExtension]
[ERROR] /home/connerohnesorge/Documents/001Repos/pac-man-java/./src/com/pacman/ghost/ActorImpl.java:1220:3: Class 'ActorImpl' looks like designed for extension (can be subclassed), but the method 'getRowExact' does not have javadoc that explains how to do that safely. If class is not designed for extension consider making the class 'ActorImpl' final or making the method 'getRowExact' static/final/abstract/empty, or adding allowed annotation for the method. [DesignForExtension]
[ERROR] /home/connerohnesorge/Documents/001Repos/pac-man-java/./src/com/pacman/ghost/ActorImpl.java:1234:3: Class 'ActorImpl' looks like designed for extension (can be subclassed), but the method 'getCurrentIncrement' does not have javadoc that explains how to do that safely. If class is not designed for extension consider making the class 'ActorImpl' final or making the method 'getCurrentIncrement' static/final/abstract/empty, or adding allowed annotation for the method. [DesignForExtension]
[ERROR] /home/connerohnesorge/Documents/001Repos/pac-man-java/./src/com/pacman/ghost/ActorImpl.java:1255:49: Redundant 'final' modifier. [RedundantModifier]
[ERROR] /home/connerohnesorge/Documents/001Repos/pac-man-java/./src/com/pacman/ghost/Pacman.java:1: File does not end with a newline. [NewlineAtEndOfFile]
[ERROR] /home/connerohnesorge/Documents/001Repos/pac-man-java/./src/com/pacman/ghost/Pacman.java:131:33: '0.5' is a magic number. [MagicNumber]
[ERROR] /home/connerohnesorge/Documents/001Repos/pac-man-java/./src/com/pacman/ghost/Pacman.java:132:33: '0.5' is a magic number. [MagicNumber]
[ERROR] /home/connerohnesorge/Documents/001Repos/pac-man-java/./src/com/pacman/ghost/Pacman.java:167:3: Cyclomatic Complexity is 30 (max allowed is 10). [CyclomaticComplexity]
[ERROR] /home/connerohnesorge/Documents/001Repos/pac-man-java/./src/com/pacman/ghost/Pacman.java:204:44: Avoid inline conditionals. [AvoidInlineConditionals]
[ERROR] /home/connerohnesorge/Documents/001Repos/pac-man-java/./src/com/pacman/ghost/Pacman.java:207:42: '0.5' is a magic number. [MagicNumber]
[ERROR] /home/connerohnesorge/Documents/001Repos/pac-man-java/./src/com/pacman/ghost/Pacman.java:214:16: '0.5' is a magic number. [MagicNumber]
[ERROR] /home/connerohnesorge/Documents/001Repos/pac-man-java/./src/com/pacman/ghost/Pacman.java:224:42: Avoid inline conditionals. [AvoidInlineConditionals]
[ERROR] /home/connerohnesorge/Documents/001Repos/pac-man-java/./src/com/pacman/ghost/Pacman.java:226:42: '0.5' is a magic number. [MagicNumber]
[ERROR] /home/connerohnesorge/Documents/001Repos/pac-man-java/./src/com/pacman/ghost/Pacman.java:232:16: '0.5' is a magic number. [MagicNumber]
[ERROR] /home/connerohnesorge/Documents/001Repos/pac-man-java/./src/com/pacman/ghost/Pacman.java:255:36: '0.5' is a magic number. [MagicNumber]
[ERROR] /home/connerohnesorge/Documents/001Repos/pac-man-java/./src/com/pacman/ghost/Pacman.java:258:36: '0.5' is a magic number. [MagicNumber]
[ERROR] /home/connerohnesorge/Documents/001Repos/pac-man-java/./src/com/pacman/ghost/Pacman.java:264:3: Cyclomatic Complexity is 21 (max allowed is 10). [CyclomaticComplexity]
[ERROR] /home/connerohnesorge/Documents/001Repos/pac-man-java/./src/com/pacman/ghost/Pacman.java:294:39: '0.5' is a magic number. [MagicNumber]
[ERROR] /home/connerohnesorge/Documents/001Repos/pac-man-java/./src/com/pacman/ghost/Pacman.java:295:75: '0.5' is a magic number. [MagicNumber]
[ERROR] /home/connerohnesorge/Documents/001Repos/pac-man-java/./src/com/pacman/ghost/Pacman.java:309:39: '0.5' is a magic number. [MagicNumber]
[ERROR] /home/connerohnesorge/Documents/001Repos/pac-man-java/./src/com/pacman/ghost/Pacman.java:310:51: '0.5' is a magic number. [MagicNumber]
[ERROR] /home/connerohnesorge/Documents/001Repos/pac-man-java/./src/com/pacman/ghost/Pacman.java:399:42: '0.5' is a magic number. [MagicNumber]
[ERROR] /home/connerohnesorge/Documents/001Repos/pac-man-java/./src/com/pacman/ghost/Pacman.java:401:16: '0.5' is a magic number. [MagicNumber]
[ERROR] /home/connerohnesorge/Documents/001Repos/pac-man-java/./src/com/pacman/ghost/Pacman.java:403:42: '0.5' is a magic number. [MagicNumber]
[ERROR] /home/connerohnesorge/Documents/001Repos/pac-man-java/./src/com/pacman/ghost/Pacman.java:405:16: '0.5' is a magic number. [MagicNumber]
[ERROR] /home/connerohnesorge/Documents/001Repos/pac-man-java/./src/com/pacman/ghost/package-info.java:1: File does not end with a newline. [NewlineAtEndOfFile]
[ERROR] /home/connerohnesorge/Documents/001Repos/pac-man-java/./src/com/pacman/ghost/Clyde.java:1: File does not end with a newline. [NewlineAtEndOfFile]
[ERROR] /home/connerohnesorge/Documents/001Repos/pac-man-java/./src/com/pacman/ghost/Pinky.java:1: File does not end with a newline. [NewlineAtEndOfFile]
[ERROR] /home/connerohnesorge/Documents/001Repos/pac-man-java/./src/com/pacman/ghost/Pinky.java:53:3: Cyclomatic Complexity is 13 (max allowed is 10). [CyclomaticComplexity]
[ERROR] /home/connerohnesorge/Documents/001Repos/pac-man-java/./src/com/pacman/ghost/Blinky.java:1: File does not end with a newline. [NewlineAtEndOfFile]
[ERROR] /home/connerohnesorge/Documents/001Repos/pac-man-java/./src/hw4/Inky.java:1:9: Name 'hw4' must match pattern '^[a-z]+(\.[a-zA-Z_]\w*)*$'. [PackageName]
[ERROR] /home/connerohnesorge/Documents/001Repos/pac-man-java/./src/hw4/Inky.java:52:3: Cyclomatic Complexity is 13 (max allowed is 10). [CyclomaticComplexity]
[ERROR] /home/connerohnesorge/Documents/001Repos/pac-man-java/./src/hw4/ActorImpl.java:1:9: Name 'hw4' must match pattern '^[a-z]+(\.[a-zA-Z_]\w*)*$'. [PackageName]
[ERROR] /home/connerohnesorge/Documents/001Repos/pac-man-java/./src/hw4/ActorImpl.java:22:21: Variable 'maze' must be private and have accessor methods. [VisibilityModifier]
[ERROR] /home/connerohnesorge/Documents/001Repos/pac-man-java/./src/hw4/ActorImpl.java:36:20: Variable 'rand' must be private and have accessor methods. [VisibilityModifier]
[ERROR] /home/connerohnesorge/Documents/001Repos/pac-man-java/./src/hw4/ActorImpl.java:43: First sentence should end with a period. [JavadocStyle]
[ERROR] /home/connerohnesorge/Documents/001Repos/pac-man-java/./src/hw4/ActorImpl.java:54:7: Parameter maze should be final. [FinalParameters]
[ERROR] /home/connerohnesorge/Documents/001Repos/pac-man-java/./src/hw4/ActorImpl.java:55:7: Parameter home should be final. [FinalParameters]
[ERROR] /home/connerohnesorge/Documents/001Repos/pac-man-java/./src/hw4/ActorImpl.java:56:7: Parameter baseSpeed should be final. [FinalParameters]
[ERROR] /home/connerohnesorge/Documents/001Repos/pac-man-java/./src/hw4/ActorImpl.java:57:7: Parameter homeDirection should be final. [FinalParameters]
[ERROR] /home/connerohnesorge/Documents/001Repos/pac-man-java/./src/hw4/ActorImpl.java:58:7: Parameter scatterTarget should be final. [FinalParameters]
[ERROR] /home/connerohnesorge/Documents/001Repos/pac-man-java/./src/hw4/ActorImpl.java:59:7: Parameter rand should be final. [FinalParameters]
[ERROR] /home/connerohnesorge/Documents/001Repos/pac-man-java/./src/hw4/ActorImpl.java:63:34: '0.5' is a magic number. [MagicNumber]
[ERROR] /home/connerohnesorge/Documents/001Repos/pac-man-java/./src/hw4/ActorImpl.java:64:34: '0.5' is a magic number. [MagicNumber]
[ERROR] /home/connerohnesorge/Documents/001Repos/pac-man-java/./src/hw4/ActorImpl.java:83:3: Class 'ActorImpl' looks like designed for extension (can be subclassed), but the method 'reset' does not have javadoc that explains how to do that safely. If class is not designed for extension consider making the class 'ActorImpl' final or making the method 'reset' static/final/abstract/empty, or adding allowed annotation for the method. [DesignForExtension]
[ERROR] /home/connerohnesorge/Documents/001Repos/pac-man-java/./src/hw4/ActorImpl.java:87:33: '0.5' is a magic number. [MagicNumber]
[ERROR] /home/connerohnesorge/Documents/001Repos/pac-man-java/./src/hw4/ActorImpl.java:87:51: '0.5' is a magic number. [MagicNumber]
[ERROR] /home/connerohnesorge/Documents/001Repos/pac-man-java/./src/hw4/ActorImpl.java:103:3: Cyclomatic Complexity is 37 (max allowed is 10). [CyclomaticComplexity]
[ERROR] /home/connerohnesorge/Documents/001Repos/pac-man-java/./src/hw4/ActorImpl.java:103:3: Method calculateNextCellLocation length is 122 lines (max allowed is 100). [MethodLength]
[ERROR] /home/connerohnesorge/Documents/001Repos/pac-man-java/./src/hw4/ActorImpl.java:136:5: switch without "default" clause. [MissingSwitchDefault]
[ERROR] /home/connerohnesorge/Documents/001Repos/pac-man-java/./src/hw4/ActorImpl.java:233:3: Cyclomatic Complexity is 18 (max allowed is 10). [CyclomaticComplexity]
[ERROR] /home/connerohnesorge/Documents/001Repos/pac-man-java/./src/hw4/ActorImpl.java:233:35: Parameter targetLocation should be final. [FinalParameters]
[ERROR] /home/connerohnesorge/Documents/001Repos/pac-man-java/./src/hw4/ActorImpl.java:234:41: '4' is a magic number. [MagicNumber]
[ERROR] /home/connerohnesorge/Documents/001Repos/pac-man-java/./src/hw4/ActorImpl.java:278:17: '3' is a magic number. [MagicNumber]
[ERROR] /home/connerohnesorge/Documents/001Repos/pac-man-java/./src/hw4/ActorImpl.java:280:17: '3' is a magic number. [MagicNumber]
[ERROR] /home/connerohnesorge/Documents/001Repos/pac-man-java/./src/hw4/ActorImpl.java:286:3: Class 'ActorImpl' looks like designed for extension (can be subclassed), but the method 'calculateNextCell' does not have javadoc that explains how to do that safely. If class is not designed for extension consider making the class 'ActorImpl' final or making the method 'calculateNextCell' static/final/abstract/empty, or adding allowed annotation for the method. [DesignForExtension]
[ERROR] /home/connerohnesorge/Documents/001Repos/pac-man-java/./src/hw4/ActorImpl.java:286:3: Cyclomatic Complexity is 50 (max allowed is 10). [CyclomaticComplexity]
[ERROR] /home/connerohnesorge/Documents/001Repos/pac-man-java/./src/hw4/ActorImpl.java:286:3: Method calculateNextCell length is 186 lines (max allowed is 100). [MethodLength]
[ERROR] /home/connerohnesorge/Documents/001Repos/pac-man-java/./src/hw4/ActorImpl.java:286:33: Parameter d should be final. [FinalParameters]
[ERROR] /home/connerohnesorge/Documents/001Repos/pac-man-java/./src/hw4/ActorImpl.java:320:37: '4' is a magic number. [MagicNumber]
[ERROR] /home/connerohnesorge/Documents/001Repos/pac-man-java/./src/hw4/ActorImpl.java:333:13: '3' is a magic number. [MagicNumber]
[ERROR] /home/connerohnesorge/Documents/001Repos/pac-man-java/./src/hw4/ActorImpl.java:337:41: '4' is a magic number. [MagicNumber]
[ERROR] /home/connerohnesorge/Documents/001Repos/pac-man-java/./src/hw4/ActorImpl.java:340:25: '4' is a magic number. [MagicNumber]
[ERROR] /home/connerohnesorge/Documents/001Repos/pac-man-java/./src/hw4/ActorImpl.java:345:9: switch without "default" clause. [MissingSwitchDefault]
[ERROR] /home/connerohnesorge/Documents/001Repos/pac-man-java/./src/hw4/ActorImpl.java:355:16: '3' is a magic number. [MagicNumber]
[ERROR] /home/connerohnesorge/Documents/001Repos/pac-man-java/./src/hw4/ActorImpl.java:400:25: '4' is a magic number. [MagicNumber]
[ERROR] /home/connerohnesorge/Documents/001Repos/pac-man-java/./src/hw4/ActorImpl.java:401:7: 'if' construct must use '{}'s. [NeedBraces]
[ERROR] /home/connerohnesorge/Documents/001Repos/pac-man-java/./src/hw4/ActorImpl.java:416:57: '4' is a magic number. [MagicNumber]
[ERROR] /home/connerohnesorge/Documents/001Repos/pac-man-java/./src/hw4/ActorImpl.java:426:5: switch without "default" clause. [MissingSwitchDefault]
[ERROR] /home/connerohnesorge/Documents/001Repos/pac-man-java/./src/hw4/ActorImpl.java:461:25: '4' is a magic number. [MagicNumber]
[ERROR] /home/connerohnesorge/Documents/001Repos/pac-man-java/./src/hw4/ActorImpl.java:473: First sentence should end with a period. [JavadocStyle]
[ERROR] /home/connerohnesorge/Documents/001Repos/pac-man-java/./src/hw4/ActorImpl.java:477:3: Cyclomatic Complexity is 49 (max allowed is 10). [CyclomaticComplexity]
[ERROR] /home/connerohnesorge/Documents/001Repos/pac-man-java/./src/hw4/ActorImpl.java:477:3: Method handleFrightenedMode length is 172 lines (max allowed is 100). [MethodLength]
[ERROR] /home/connerohnesorge/Documents/001Repos/pac-man-java/./src/hw4/ActorImpl.java:479:5: 'if' construct must use '{}'s. [NeedBraces]
[ERROR] /home/connerohnesorge/Documents/001Repos/pac-man-java/./src/hw4/ActorImpl.java:489:37: '4' is a magic number. [MagicNumber]
[ERROR] /home/connerohnesorge/Documents/001Repos/pac-man-java/./src/hw4/ActorImpl.java:497:13: '3' is a magic number. [MagicNumber]
[ERROR] /home/connerohnesorge/Documents/001Repos/pac-man-java/./src/hw4/ActorImpl.java:502:7: 'if' construct must use '{}'s. [NeedBraces]
[ERROR] /home/connerohnesorge/Documents/001Repos/pac-man-java/./src/hw4/ActorImpl.java:512:27: '4' is a magic number. [MagicNumber]
[ERROR] /home/connerohnesorge/Documents/001Repos/pac-man-java/./src/hw4/ActorImpl.java:519:11: switch without "default" clause. [MissingSwitchDefault]
[ERROR] /home/connerohnesorge/Documents/001Repos/pac-man-java/./src/hw4/ActorImpl.java:544:7: 'if' construct must use '{}'s. [NeedBraces]
[ERROR] /home/connerohnesorge/Documents/001Repos/pac-man-java/./src/hw4/ActorImpl.java:545:12: 'if' construct must use '{}'s. [NeedBraces]
[ERROR] /home/connerohnesorge/Documents/001Repos/pac-man-java/./src/hw4/ActorImpl.java:546:12: 'if' construct must use '{}'s. [NeedBraces]
[ERROR] /home/connerohnesorge/Documents/001Repos/pac-man-java/./src/hw4/ActorImpl.java:547:12: 'if' construct must use '{}'s. [NeedBraces]
[ERROR] /home/connerohnesorge/Documents/001Repos/pac-man-java/./src/hw4/ActorImpl.java:568:61: '0.75' is a magic number. [MagicNumber]
[ERROR] /home/connerohnesorge/Documents/001Repos/pac-man-java/./src/hw4/ActorImpl.java:584:27: '4' is a magic number. [MagicNumber]
[ERROR] /home/connerohnesorge/Documents/001Repos/pac-man-java/./src/hw4/ActorImpl.java:590:11: switch without "default" clause. [MissingSwitchDefault]
[ERROR] /home/connerohnesorge/Documents/001Repos/pac-man-java/./src/hw4/ActorImpl.java:614:7: switch without "default" clause. [MissingSwitchDefault]
[ERROR] /home/connerohnesorge/Documents/001Repos/pac-man-java/./src/hw4/ActorImpl.java:650: First sentence should end with a period. [JavadocStyle]
[ERROR] /home/connerohnesorge/Documents/001Repos/pac-man-java/./src/hw4/ActorImpl.java:651:42: Parameter current should be final. [FinalParameters]
[ERROR] /home/connerohnesorge/Documents/001Repos/pac-man-java/./src/hw4/ActorImpl.java:651:60: Parameter target should be final. [FinalParameters]
[ERROR] /home/connerohnesorge/Documents/001Repos/pac-man-java/./src/hw4/ActorImpl.java:652:5: 'if' construct must use '{}'s. [NeedBraces]
[ERROR] /home/connerohnesorge/Documents/001Repos/pac-man-java/./src/hw4/ActorImpl.java:661:26: Avoid inline conditionals. [AvoidInlineConditionals]
[ERROR] /home/connerohnesorge/Documents/001Repos/pac-man-java/./src/hw4/ActorImpl.java:664:26: Avoid inline conditionals. [AvoidInlineConditionals]
[ERROR] /home/connerohnesorge/Documents/001Repos/pac-man-java/./src/hw4/ActorImpl.java:668: First sentence should end with a period. [JavadocStyle]
[ERROR] /home/connerohnesorge/Documents/001Repos/pac-man-java/./src/hw4/ActorImpl.java:676:43: Parameter loc1 should be final. [FinalParameters]
[ERROR] /home/connerohnesorge/Documents/001Repos/pac-man-java/./src/hw4/ActorImpl.java:676:58: Parameter loc2 should be final. [FinalParameters]
[ERROR] /home/connerohnesorge/Documents/001Repos/pac-man-java/./src/hw4/ActorImpl.java:685:3: Class 'ActorImpl' looks like designed for extension (can be subclassed), but the method 'getHomeDirection' does not have javadoc that explains how to do that safely. If class is not designed for extension consider making the class 'ActorImpl' final or making the method 'getHomeDirection' static/final/abstract/empty, or adding allowed annotation for the method. [DesignForExtension]
[ERROR] /home/connerohnesorge/Documents/001Repos/pac-man-java/./src/hw4/ActorImpl.java:700:3: Class 'ActorImpl' looks like designed for extension (can be subclassed), but the method 'update' does not have javadoc that explains how to do that safely. If class is not designed for extension consider making the class 'ActorImpl' final or making the method 'update' static/final/abstract/empty, or adding allowed annotation for the method. [DesignForExtension]
[ERROR] /home/connerohnesorge/Documents/001Repos/pac-man-java/./src/hw4/ActorImpl.java:700:3: Cyclomatic Complexity is 75 (max allowed is 10). [CyclomaticComplexity]
[ERROR] /home/connerohnesorge/Documents/001Repos/pac-man-java/./src/hw4/ActorImpl.java:700:3: Method update length is 287 lines (max allowed is 100). [MethodLength]
[ERROR] /home/connerohnesorge/Documents/001Repos/pac-man-java/./src/hw4/ActorImpl.java:700:22: Parameter description should be final. [FinalParameters]
[ERROR] /home/connerohnesorge/Documents/001Repos/pac-man-java/./src/hw4/ActorImpl.java:752:13: switch without "default" clause. [MissingSwitchDefault]
[ERROR] /home/connerohnesorge/Documents/001Repos/pac-man-java/./src/hw4/ActorImpl.java:791:5: switch without "default" clause. [MissingSwitchDefault]
[ERROR] /home/connerohnesorge/Documents/001Repos/pac-man-java/./src/hw4/ActorImpl.java:917:7: switch without "default" clause. [MissingSwitchDefault]
[ERROR] /home/connerohnesorge/Documents/001Repos/pac-man-java/./src/hw4/ActorImpl.java:950:33: '3' is a magic number. [MagicNumber]
[ERROR] /home/connerohnesorge/Documents/001Repos/pac-man-java/./src/hw4/ActorImpl.java:989:31: Parameter curRowExact should be final. [FinalParameters]
[ERROR] /home/connerohnesorge/Documents/001Repos/pac-man-java/./src/hw4/ActorImpl.java:989:51: Parameter curColExact should be final. [FinalParameters]
[ERROR] /home/connerohnesorge/Documents/001Repos/pac-man-java/./src/hw4/ActorImpl.java:1002:3: Class 'ActorImpl' looks like designed for extension (can be subclassed), but the method 'getBaseIncrement' does not have javadoc that explains how to do that safely. If class is not designed for extension consider making the class 'ActorImpl' final or making the method 'getBaseIncrement' static/final/abstract/empty, or adding allowed annotation for the method. [DesignForExtension]
[ERROR] /home/connerohnesorge/Documents/001Repos/pac-man-java/./src/hw4/ActorImpl.java:1006:3: Class 'ActorImpl' looks like designed for extension (can be subclassed), but the method 'setMode' does not have javadoc that explains how to do that safely. If class is not designed for extension consider making the class 'ActorImpl' final or making the method 'setMode' static/final/abstract/empty, or adding allowed annotation for the method. [DesignForExtension]
[ERROR] /home/connerohnesorge/Documents/001Repos/pac-man-java/./src/hw4/ActorImpl.java:1006:23: Parameter gMode should be final. [FinalParameters]
[ERROR] /home/connerohnesorge/Documents/001Repos/pac-man-java/./src/hw4/ActorImpl.java:1006:35: Parameter Description should be final. [FinalParameters]
[ERROR] /home/connerohnesorge/Documents/001Repos/pac-man-java/./src/hw4/ActorImpl.java:1006:46: Name 'Description' must match pattern '^[a-z][a-zA-Z0-9]*$'. [ParameterName]
[ERROR] /home/connerohnesorge/Documents/001Repos/pac-man-java/./src/hw4/ActorImpl.java:1033:49: '3.0' is a magic number. [MagicNumber]
[ERROR] /home/connerohnesorge/Documents/001Repos/pac-man-java/./src/hw4/ActorImpl.java:1041:3: Class 'ActorImpl' looks like designed for extension (can be subclassed), but the method 'getMode' does not have javadoc that explains how to do that safely. If class is not designed for extension consider making the class 'ActorImpl' final or making the method 'getMode' static/final/abstract/empty, or adding allowed annotation for the method. [DesignForExtension]
[ERROR] /home/connerohnesorge/Documents/001Repos/pac-man-java/./src/hw4/ActorImpl.java:1065:34: '0.5' is a magic number. [MagicNumber]
[ERROR] /home/connerohnesorge/Documents/001Repos/pac-man-java/./src/hw4/ActorImpl.java:1066:34: '0.5' is a magic number. [MagicNumber]
[ERROR] /home/connerohnesorge/Documents/001Repos/pac-man-java/./src/hw4/ActorImpl.java:1069:5: switch without "default" clause. [MissingSwitchDefault]
[ERROR] /home/connerohnesorge/Documents/001Repos/pac-man-java/./src/hw4/ActorImpl.java:1091:3: Class 'ActorImpl' looks like designed for extension (can be subclassed), but the method 'getCurrentDirection' does not have javadoc that explains how to do that safely. If class is not designed for extension consider making the class 'ActorImpl' final or making the method 'getCurrentDirection' static/final/abstract/empty, or adding allowed annotation for the method. [DesignForExtension]
[ERROR] /home/connerohnesorge/Documents/001Repos/pac-man-java/./src/hw4/ActorImpl.java:1098:3: Class 'ActorImpl' looks like designed for extension (can be subclassed), but the method 'setDirection' does not have javadoc that explains how to do that safely. If class is not designed for extension consider making the class 'ActorImpl' final or making the method 'setDirection' static/final/abstract/empty, or adding allowed annotation for the method. [DesignForExtension]
[ERROR] /home/connerohnesorge/Documents/001Repos/pac-man-java/./src/hw4/ActorImpl.java:1098:28: Parameter dir should be final. [FinalParameters]
[ERROR] /home/connerohnesorge/Documents/001Repos/pac-man-java/./src/hw4/ActorImpl.java:1102:3: Class 'ActorImpl' looks like designed for extension (can be subclassed), but the method 'getCurrentLocation' does not have javadoc that explains how to do that safely. If class is not designed for extension consider making the class 'ActorImpl' final or making the method 'getCurrentLocation' static/final/abstract/empty, or adding allowed annotation for the method. [DesignForExtension]
[ERROR] /home/connerohnesorge/Documents/001Repos/pac-man-java/./src/hw4/ActorImpl.java:1106:3: Class 'ActorImpl' looks like designed for extension (can be subclassed), but the method 'getHomeLocation' does not have javadoc that explains how to do that safely. If class is not designed for extension consider making the class 'ActorImpl' final or making the method 'getHomeLocation' static/final/abstract/empty, or adding allowed annotation for the method. [DesignForExtension]
[ERROR] /home/connerohnesorge/Documents/001Repos/pac-man-java/./src/hw4/ActorImpl.java:1110:3: Class 'ActorImpl' looks like designed for extension (can be subclassed), but the method 'setColExact' does not have javadoc that explains how to do that safely. If class is not designed for extension consider making the class 'ActorImpl' final or making the method 'setColExact' static/final/abstract/empty, or adding allowed annotation for the method. [DesignForExtension]
[ERROR] /home/connerohnesorge/Documents/001Repos/pac-man-java/./src/hw4/ActorImpl.java:1110:27: Parameter c should be final. [FinalParameters]
[ERROR] /home/connerohnesorge/Documents/001Repos/pac-man-java/./src/hw4/ActorImpl.java:1114:3: Class 'ActorImpl' looks like designed for extension (can be subclassed), but the method 'setRowExact' does not have javadoc that explains how to do that safely. If class is not designed for extension consider making the class 'ActorImpl' final or making the method 'setRowExact' static/final/abstract/empty, or adding allowed annotation for the method. [DesignForExtension]
[ERROR] /home/connerohnesorge/Documents/001Repos/pac-man-java/./src/hw4/ActorImpl.java:1114:27: Parameter r should be final. [FinalParameters]
[ERROR] /home/connerohnesorge/Documents/001Repos/pac-man-java/./src/hw4/ActorImpl.java:1118:3: Class 'ActorImpl' looks like designed for extension (can be subclassed), but the method 'getColExact' does not have javadoc that explains how to do that safely. If class is not designed for extension consider making the class 'ActorImpl' final or making the method 'getColExact' static/final/abstract/empty, or adding allowed annotation for the method. [DesignForExtension]
[ERROR] /home/connerohnesorge/Documents/001Repos/pac-man-java/./src/hw4/ActorImpl.java:1122:3: Class 'ActorImpl' looks like designed for extension (can be subclassed), but the method 'getRowExact' does not have javadoc that explains how to do that safely. If class is not designed for extension consider making the class 'ActorImpl' final or making the method 'getRowExact' static/final/abstract/empty, or adding allowed annotation for the method. [DesignForExtension]
[ERROR] /home/connerohnesorge/Documents/001Repos/pac-man-java/./src/hw4/ActorImpl.java:1126:3: Class 'ActorImpl' looks like designed for extension (can be subclassed), but the method 'getNextCell' does not have javadoc that explains how to do that safely. If class is not designed for extension consider making the class 'ActorImpl' final or making the method 'getNextCell' static/final/abstract/empty, or adding allowed annotation for the method. [DesignForExtension]
[ERROR] /home/connerohnesorge/Documents/001Repos/pac-man-java/./src/hw4/ActorImpl.java:1130:3: Class 'ActorImpl' looks like designed for extension (can be subclassed), but the method 'getCurrentIncrement' does not have javadoc that explains how to do that safely. If class is not designed for extension consider making the class 'ActorImpl' final or making the method 'getCurrentIncrement' static/final/abstract/empty, or adding allowed annotation for the method. [DesignForExtension]
[ERROR] /home/connerohnesorge/Documents/001Repos/pac-man-java/./src/hw4/ActorImpl.java:1134:3: Class 'ActorImpl' looks like designed for extension (can be subclassed), but the method 'getScatterTarget' does not have javadoc that explains how to do that safely. If class is not designed for extension consider making the class 'ActorImpl' final or making the method 'getScatterTarget' static/final/abstract/empty, or adding allowed annotation for the method. [DesignForExtension]
[ERROR] /home/connerohnesorge/Documents/001Repos/pac-man-java/./src/hw4/Pacman.java:1:9: Name 'hw4' must match pattern '^[a-z]+(\.[a-zA-Z_]\w*)*$'. [PackageName]
[ERROR] /home/connerohnesorge/Documents/001Repos/pac-man-java/./src/hw4/Pacman.java:69:17: Parameter maze should be final. [FinalParameters]
[ERROR] /home/connerohnesorge/Documents/001Repos/pac-man-java/./src/hw4/Pacman.java:69:31: Parameter home should be final. [FinalParameters]
[ERROR] /home/connerohnesorge/Documents/001Repos/pac-man-java/./src/hw4/Pacman.java:69:46: Parameter baseSpeed should be final. [FinalParameters]
[ERROR] /home/connerohnesorge/Documents/001Repos/pac-man-java/./src/hw4/Pacman.java:69:64: Parameter homeDirection should be final. [FinalParameters]
[ERROR] /home/connerohnesorge/Documents/001Repos/pac-man-java/./src/hw4/Pacman.java:77:3: Class 'Pacman' looks like designed for extension (can be subclassed), but the method 'getBaseIncrement' does not have javadoc that explains how to do that safely. If class is not designed for extension consider making the class 'Pacman' final or making the method 'getBaseIncrement' static/final/abstract/empty, or adding allowed annotation for the method. [DesignForExtension]
[ERROR] /home/connerohnesorge/Documents/001Repos/pac-man-java/./src/hw4/Pacman.java:82:3: Class 'Pacman' looks like designed for extension (can be subclassed), but the method 'getColExact' does not have javadoc that explains how to do that safely. If class is not designed for extension consider making the class 'Pacman' final or making the method 'getColExact' static/final/abstract/empty, or adding allowed annotation for the method. [DesignForExtension]
[ERROR] /home/connerohnesorge/Documents/001Repos/pac-man-java/./src/hw4/Pacman.java:87:3: Class 'Pacman' looks like designed for extension (can be subclassed), but the method 'getCurrentDirection' does not have javadoc that explains how to do that safely. If class is not designed for extension consider making the class 'Pacman' final or making the method 'getCurrentDirection' static/final/abstract/empty, or adding allowed annotation for the method. [DesignForExtension]
[ERROR] /home/connerohnesorge/Documents/001Repos/pac-man-java/./src/hw4/Pacman.java:92:3: Class 'Pacman' looks like designed for extension (can be subclassed), but the method 'getCurrentIncrement' does not have javadoc that explains how to do that safely. If class is not designed for extension consider making the class 'Pacman' final or making the method 'getCurrentIncrement' static/final/abstract/empty, or adding allowed annotation for the method. [DesignForExtension]
[ERROR] /home/connerohnesorge/Documents/001Repos/pac-man-java/./src/hw4/Pacman.java:97:3: Class 'Pacman' looks like designed for extension (can be subclassed), but the method 'getCurrentLocation' does not have javadoc that explains how to do that safely. If class is not designed for extension consider making the class 'Pacman' final or making the method 'getCurrentLocation' static/final/abstract/empty, or adding allowed annotation for the method. [DesignForExtension]
[ERROR] /home/connerohnesorge/Documents/001Repos/pac-man-java/./src/hw4/Pacman.java:102:3: Class 'Pacman' looks like designed for extension (can be subclassed), but the method 'getHomeDirection' does not have javadoc that explains how to do that safely. If class is not designed for extension consider making the class 'Pacman' final or making the method 'getHomeDirection' static/final/abstract/empty, or adding allowed annotation for the method. [DesignForExtension]
[ERROR] /home/connerohnesorge/Documents/001Repos/pac-man-java/./src/hw4/Pacman.java:107:3: Class 'Pacman' looks like designed for extension (can be subclassed), but the method 'getHomeLocation' does not have javadoc that explains how to do that safely. If class is not designed for extension consider making the class 'Pacman' final or making the method 'getHomeLocation' static/final/abstract/empty, or adding allowed annotation for the method. [DesignForExtension]
[ERROR] /home/connerohnesorge/Documents/001Repos/pac-man-java/./src/hw4/Pacman.java:112:3: Class 'Pacman' looks like designed for extension (can be subclassed), but the method 'getMode' does not have javadoc that explains how to do that safely. If class is not designed for extension consider making the class 'Pacman' final or making the method 'getMode' static/final/abstract/empty, or adding allowed annotation for the method. [DesignForExtension]
[ERROR] /home/connerohnesorge/Documents/001Repos/pac-man-java/./src/hw4/Pacman.java:118:3: Class 'Pacman' looks like designed for extension (can be subclassed), but the method 'getRowExact' does not have javadoc that explains how to do that safely. If class is not designed for extension consider making the class 'Pacman' final or making the method 'getRowExact' static/final/abstract/empty, or adding allowed annotation for the method. [DesignForExtension]
[ERROR] /home/connerohnesorge/Documents/001Repos/pac-man-java/./src/hw4/Pacman.java:123:3: Class 'Pacman' looks like designed for extension (can be subclassed), but the method 'reset' does not have javadoc that explains how to do that safely. If class is not designed for extension consider making the class 'Pacman' final or making the method 'reset' static/final/abstract/empty, or adding allowed annotation for the method. [DesignForExtension]
[ERROR] /home/connerohnesorge/Documents/001Repos/pac-man-java/./src/hw4/Pacman.java:126:33: '0.5' is a magic number. [MagicNumber]
[ERROR] /home/connerohnesorge/Documents/001Repos/pac-man-java/./src/hw4/Pacman.java:127:33: '0.5' is a magic number. [MagicNumber]
[ERROR] /home/connerohnesorge/Documents/001Repos/pac-man-java/./src/hw4/Pacman.java:133:3: Class 'Pacman' looks like designed for extension (can be subclassed), but the method 'setColExact' does not have javadoc that explains how to do that safely. If class is not designed for extension consider making the class 'Pacman' final or making the method 'setColExact' static/final/abstract/empty, or adding allowed annotation for the method. [DesignForExtension]
[ERROR] /home/connerohnesorge/Documents/001Repos/pac-man-java/./src/hw4/Pacman.java:134:27: Parameter c should be final. [FinalParameters]
[ERROR] /home/connerohnesorge/Documents/001Repos/pac-man-java/./src/hw4/Pacman.java:138:3: Class 'Pacman' looks like designed for extension (can be subclassed), but the method 'setDirection' does not have javadoc that explains how to do that safely. If class is not designed for extension consider making the class 'Pacman' final or making the method 'setDirection' static/final/abstract/empty, or adding allowed annotation for the method. [DesignForExtension]
[ERROR] /home/connerohnesorge/Documents/001Repos/pac-man-java/./src/hw4/Pacman.java:139:28: Parameter dir should be final. [FinalParameters]
[ERROR] /home/connerohnesorge/Documents/001Repos/pac-man-java/./src/hw4/Pacman.java:144:23: Parameter mode should be final. [FinalParameters]
[ERROR] /home/connerohnesorge/Documents/001Repos/pac-man-java/./src/hw4/Pacman.java:144:34: Parameter desc should be final. [FinalParameters]
[ERROR] /home/connerohnesorge/Documents/001Repos/pac-man-java/./src/hw4/Pacman.java:148:3: Class 'Pacman' looks like designed for extension (can be subclassed), but the method 'setRowExact' does not have javadoc that explains how to do that safely. If class is not designed for extension consider making the class 'Pacman' final or making the method 'setRowExact' static/final/abstract/empty, or adding allowed annotation for the method. [DesignForExtension]
[ERROR] /home/connerohnesorge/Documents/001Repos/pac-man-java/./src/hw4/Pacman.java:149:27: Parameter r should be final. [FinalParameters]
[ERROR] /home/connerohnesorge/Documents/001Repos/pac-man-java/./src/hw4/Pacman.java:162:3: Cyclomatic Complexity is 30 (max allowed is 10). [CyclomaticComplexity]
[ERROR] /home/connerohnesorge/Documents/001Repos/pac-man-java/./src/hw4/Pacman.java:162:23: Parameter newDir should be final. [FinalParameters]
[ERROR] /home/connerohnesorge/Documents/001Repos/pac-man-java/./src/hw4/Pacman.java:199:44: Avoid inline conditionals. [AvoidInlineConditionals]
[ERROR] /home/connerohnesorge/Documents/001Repos/pac-man-java/./src/hw4/Pacman.java:202:42: '0.5' is a magic number. [MagicNumber]
[ERROR] /home/connerohnesorge/Documents/001Repos/pac-man-java/./src/hw4/Pacman.java:209:16: '0.5' is a magic number. [MagicNumber]
[ERROR] /home/connerohnesorge/Documents/001Repos/pac-man-java/./src/hw4/Pacman.java:219:42: Avoid inline conditionals. [AvoidInlineConditionals]
[ERROR] /home/connerohnesorge/Documents/001Repos/pac-man-java/./src/hw4/Pacman.java:221:42: '0.5' is a magic number. [MagicNumber]
[ERROR] /home/connerohnesorge/Documents/001Repos/pac-man-java/./src/hw4/Pacman.java:227:16: '0.5' is a magic number. [MagicNumber]
[ERROR] /home/connerohnesorge/Documents/001Repos/pac-man-java/./src/hw4/Pacman.java:250:36: '0.5' is a magic number. [MagicNumber]
[ERROR] /home/connerohnesorge/Documents/001Repos/pac-man-java/./src/hw4/Pacman.java:253:36: '0.5' is a magic number. [MagicNumber]
[ERROR] /home/connerohnesorge/Documents/001Repos/pac-man-java/./src/hw4/Pacman.java:259:3: Class 'Pacman' looks like designed for extension (can be subclassed), but the method 'update' does not have javadoc that explains how to do that safely. If class is not designed for extension consider making the class 'Pacman' final or making the method 'update' static/final/abstract/empty, or adding allowed annotation for the method. [DesignForExtension]
[ERROR] /home/connerohnesorge/Documents/001Repos/pac-man-java/./src/hw4/Pacman.java:259:3: Cyclomatic Complexity is 21 (max allowed is 10). [CyclomaticComplexity]
[ERROR] /home/connerohnesorge/Documents/001Repos/pac-man-java/./src/hw4/Pacman.java:260:22: Parameter d should be final. [FinalParameters]
[ERROR] /home/connerohnesorge/Documents/001Repos/pac-man-java/./src/hw4/Pacman.java:283:5: switch without "default" clause. [MissingSwitchDefault]
[ERROR] /home/connerohnesorge/Documents/001Repos/pac-man-java/./src/hw4/Pacman.java:289:39: '0.5' is a magic number. [MagicNumber]
[ERROR] /home/connerohnesorge/Documents/001Repos/pac-man-java/./src/hw4/Pacman.java:290:75: '0.5' is a magic number. [MagicNumber]
[ERROR] /home/connerohnesorge/Documents/001Repos/pac-man-java/./src/hw4/Pacman.java:304:39: '0.5' is a magic number. [MagicNumber]
[ERROR] /home/connerohnesorge/Documents/001Repos/pac-man-java/./src/hw4/Pacman.java:305:51: '0.5' is a magic number. [MagicNumber]
[ERROR] /home/connerohnesorge/Documents/001Repos/pac-man-java/./src/hw4/Pacman.java:387:5: switch without "default" clause. [MissingSwitchDefault]
[ERROR] /home/connerohnesorge/Documents/001Repos/pac-man-java/./src/hw4/Pacman.java:389:42: '0.5' is a magic number. [MagicNumber]
[ERROR] /home/connerohnesorge/Documents/001Repos/pac-man-java/./src/hw4/Pacman.java:391:16: '0.5' is a magic number. [MagicNumber]
[ERROR] /home/connerohnesorge/Documents/001Repos/pac-man-java/./src/hw4/Pacman.java:393:42: '0.5' is a magic number. [MagicNumber]
[ERROR] /home/connerohnesorge/Documents/001Repos/pac-man-java/./src/hw4/Pacman.java:395:16: '0.5' is a magic number. [MagicNumber]
[ERROR] /home/connerohnesorge/Documents/001Repos/pac-man-java/./src/hw4/package-info.java:9:9: Name 'hw4' must match pattern '^[a-z]+(\.[a-zA-Z_]\w*)*$'. [PackageName]
[ERROR] /home/connerohnesorge/Documents/001Repos/pac-man-java/./src/hw4/Clyde.java:1:9: Name 'hw4' must match pattern '^[a-z]+(\.[a-zA-Z_]\w*)*$'. [PackageName]
[ERROR] /home/connerohnesorge/Documents/001Repos/pac-man-java/./src/hw4/Pinky.java:1:9: Name 'hw4' must match pattern '^[a-z]+(\.[a-zA-Z_]\w*)*$'. [PackageName]
[ERROR] /home/connerohnesorge/Documents/001Repos/pac-man-java/./src/hw4/Pinky.java:51:3: Cyclomatic Complexity is 13 (max allowed is 10). [CyclomaticComplexity]
[ERROR] /home/connerohnesorge/Documents/001Repos/pac-man-java/./src/hw4/Blinky.java:1:9: Name 'hw4' must match pattern '^[a-z]+(\.[a-zA-Z_]\w*)*$'. [PackageName]
Audit done.
